==================================================================================================================================================== test session starts ====================================================================================================================================================
platform win32 -- Python 3.13.2, pytest-8.3.4, pluggy-1.6.0
rootdir: D:\Programas\Temp\Gastos\backend
plugins: anyio-3.7.1, langsmith-0.6.0, asyncio-0.21.1, cov-4.1.0, mock-3.12.0
asyncio: mode=Mode.STRICT
collected 0 items / 1 error

========================================================================================================================================================== ERRORS ===========================================================================================================================================================
________________________________________________________________________________________________________________________________________________ ERROR collecting app/tests _________________________________________________________________________________________________________________________________________________
D:\Temp\pyenv-win-master\pyenv-win\versions\3.13.2\Lib\importlib\__init__.py:88: in import_module
    return _bootstrap._gcd_import(name[level:], package, level)
<frozen importlib._bootstrap>:1387: in _gcd_import
    ???
<frozen importlib._bootstrap>:1360: in _find_and_load
    ???
<frozen importlib._bootstrap>:1331: in _find_and_load_unlocked
    ???
<frozen importlib._bootstrap>:935: in _load_unlocked
    ???
D:\Temp\pyenv-win-master\pyenv-win\versions\3.13.2\Lib\site-packages\_pytest\assertion\rewrite.py:184: in exec_module
    exec(co, module.__dict__)
app\tests\conftest.py:7: in <module>
    from app.db.base import Base
E   ModuleNotFoundError: No module named 'app'
================================================================================================================================================== short test summary info ==================================================================================================================================================
ERROR app/tests - ModuleNotFoundError: No module named 'app'
!!!!!!!!!!!!!!!!!!!!!!!!!!!!!!!!!!!!!!!!!!!!!!!!!!!!!!!!!!!!!!!!!!!!!!!!!!!!!!!!!!!!!!!!!!!!!!!!!!!!!!!!!!!!!!!!!!!!!!!!!!!!!!!!!!!!!!!!!! Interrupted: 1 error during collection !!!!!!!!!!!!!!!!!!!!!!!!!!!!!!!!!!!!!!!!!!!!!!!!!!!!!!!!!!!!!!!!!!!!!!!!!!!!!!!!!!!!!!!!!!!!!!!!!!!!!!!!!!!!!!!!!!!!!!!!!!!!!!!!!!!!!!!!!!!
===================================================================================================================================================== 1 error in 0.52s ======================================================================================================================================================
